C51 COMPILER V9.60.0.0   CODINGSWITCH_USER                                                 05/09/2023 16:49:07 PAGE 1   


C51 COMPILER V9.60.0.0, COMPILATION OF MODULE CODINGSWITCH_USER
OBJECT MODULE PLACED IN .\Output\codingSwitch_user.obj
COMPILER INVOKED BY: D:\Program_Files\KEIL5_521A\C51\BIN\C51.EXE Application_Library\codingSwitch_user.c OMF2 OPTIMIZE(8
                    -,SPEED) BROWSE INCDIR(.\Inc;.\User;.\Application_Library;.\Project) DEBUG PRINT(.\List\codingSwitch_user.lst) OBJECT(.\O
                    -utput\codingSwitch_user.obj)

line level    source

   1          #include        "..\Application_Library\Global.h"
   2          #include    <intrins.h>
   3          
   4          #if     (c_codingSwitch_user_en)        
              
              
              
              //codingSwitch_get();
              /***********************************************************
              ;函数名称:void  codingSwitch_deal1(void)
              ;函数功能:旋转编码开关处理1
              ;输入参数:无
              ;输出参数:无    
              ;使用注意:
              ;--------
              ;---------
              ;---------
              ;**********************************************************/
              void    codingSwitch_deal1()
              {
                  uchar i=0;
                  i=codingSwitch_get();
                  if(i==c_codingSwitch_s) //顺时针转动返回参数值
                  {
                      b_NOW_or_Target_cnt=c_IS_disp_Target;//显示目标值
                      //增加目标温度,最大80℃
                      Target_wendu_1++;
                      if(Target_wendu_1>80)
                          Target_wendu_1=80;
                  }
                  else if (i==c_codingSwitch_n) //逆时针转动返回参数值
                  {
                      b_NOW_or_Target_cnt=c_IS_disp_Target;//显示目标值
                      //减少目标温度,最小40℃
                      Target_wendu_1--;
                      if(Target_wendu_1<35)
                          Target_wendu_1=35;
                  }
              }
              
              /***********************************************************
              ;函数名称:void  codingSwitch_deal1(void)
              ;函数功能:旋转编码开关处理2
              ;输入参数:无
              ;输出参数:无    
              ;使用注意:
              ;--------
              ;---------
              ;---------
              ;**********************************************************/
              void    codingSwitch_deal2()
              {
                  uchar i=0;
C51 COMPILER V9.60.0.0   CODINGSWITCH_USER                                                 05/09/2023 16:49:07 PAGE 2   

                  i=codingSwitch_get2();
                  if(i==c_codingSwitch_s) //顺时针转动返回参数值
                  {
                      b_NOW_or_Target_cnt2=c_IS_disp_Target;//显示目标值
                      //增加目标温度,最大80℃
                      Target_wendu_2++;
                      if(Target_wendu_2>80)
                          Target_wendu_2=80;
                  }
                  else if (i==c_codingSwitch_n) //逆时针转动返回参数值
                  {
                      b_NOW_or_Target_cnt2=c_IS_disp_Target;//显示目标值
                      //减少目标温度,最小40℃
                      Target_wendu_2--;
                      if(Target_wendu_2<35)
                          Target_wendu_2=35;
                  }
              }
              
              
              #endif


MODULE INFORMATION:   STATIC OVERLAYABLE
   CODE SIZE        =   ----    ----
   CONSTANT SIZE    =   ----    ----
   XDATA SIZE       =   ----    ----
   PDATA SIZE       =   ----    ----
   DATA SIZE        =   ----    ----
   IDATA SIZE       =   ----    ----
   BIT SIZE         =   ----    ----
   EDATA SIZE       =   ----    ----
   HDATA SIZE       =   ----    ----
   XDATA CONST SIZE =   ----    ----
   FAR CONST SIZE   =   ----    ----
END OF MODULE INFORMATION.


C51 COMPILATION COMPLETE.  0 WARNING(S),  0 ERROR(S)
