C51 COMPILER V9.60.0.0   CONFIG                                                            05/09/2023 16:49:05 PAGE 1   


C51 COMPILER V9.60.0.0, COMPILATION OF MODULE CONFIG
OBJECT MODULE PLACED IN .\Output\Config.obj
COMPILER INVOKED BY: D:\Program_Files\KEIL5_521A\C51\BIN\C51.EXE Source\Config.c OMF2 OPTIMIZE(8,SPEED) BROWSE INCDIR(.\
                    -Inc;.\User;.\Application_Library;.\Project) DEBUG PRINT(.\List\Config.lst) OBJECT(.\Output\Config.obj)

line level    source

   1          #include "Config.h"


MODULE INFORMATION:   STATIC OVERLAYABLE
   CODE SIZE        =   ----    ----
   CONSTANT SIZE    =   ----    ----
   XDATA SIZE       =   ----    ----
   PDATA SIZE       =   ----    ----
   DATA SIZE        =   ----    ----
   IDATA SIZE       =   ----    ----
   BIT SIZE         =   ----    ----
   EDATA SIZE       =   ----    ----
   HDATA SIZE       =   ----    ----
   XDATA CONST SIZE =   ----    ----
   FAR CONST SIZE   =   ----    ----
END OF MODULE INFORMATION.


C51 COMPILATION COMPLETE.  0 WARNING(S),  0 ERROR(S)
