C51 COMPILER V9.60.0.0   MAIN                                                              05/09/2023 16:49:07 PAGE 1   


C51 COMPILER V9.60.0.0, COMPILATION OF MODULE MAIN
OBJECT MODULE PLACED IN .\Output\main.obj
COMPILER INVOKED BY: D:\Program_Files\KEIL5_521A\C51\BIN\C51.EXE Project\main.c OMF2 OPTIMIZE(8,SPEED) BROWSE INCDIR(.\I
                    -nc;.\User;.\Application_Library;.\Project) DEBUG PRINT(.\List\main.lst) OBJECT(.\Output\main.obj)

line level    source

   1          #include        ".\Application_Library\Global.h"
   2          
   3          void main(void)
   4          {
   5   1              
   6   1              //MCU_Init()初始化函数，调用函数有WDT_Init()、Default_Set_IO()、Init_IO()、Function_Init()。
   7   1              MCU_Init();
   8   1              MCU_other_Init();
   9   1              //p_buz_out;
  10   1              while(1)
  11   1              {
  12   2                      //清看门狗。
  13   2                      WDT_CTRL = 7;
  14   2      
  15   2                      #if SNS_NUM     
  16   2                              #ifdef VolDet_EN
  17   2                                      #if VolDet_EN
  18   2                                      if(low_power == 0)//进入低电压中断时标记，low_power = 1时,不处理按键，低电压检测点根据实际项目配置
  19   2                                      #endif
  20   2                              #endif
  21   2                              {
  22   3                                      //获取按键标志位
  23   3                                      XS16TK06X_Set_Touch_Flag();     
  24   3                                      
  25   3                              }
  26   2                      #endif
  27   2                              
  28   2                      //while (1)
  29   2                      //{
  30   2                      //      //清看门狗。
  31   2                      //      WDT_CTRL = 7;
  32   2                      //      //PWM0C_Set(38000,100);
  33   2                      //      PWM0C_Set(2000,1);      //(频率,占空比) 
  34   2                      //}
  35   2                              
  36   2                      //建议将项目功能函数定义在Project.c中或新建c文件。
  37   2                      Project();
  38   2                              
  39   2              }                       
  40   1      }


MODULE INFORMATION:   STATIC OVERLAYABLE
   CODE SIZE        =     20    ----
   CONSTANT SIZE    =   ----    ----
   XDATA SIZE       =   ----    ----
   PDATA SIZE       =   ----    ----
   DATA SIZE        =   ----    ----
   IDATA SIZE       =   ----    ----
   BIT SIZE         =   ----    ----
   EDATA SIZE       =   ----    ----
   HDATA SIZE       =   ----    ----
   XDATA CONST SIZE =   ----    ----
   FAR CONST SIZE   =   ----    ----
C51 COMPILER V9.60.0.0   MAIN                                                              05/09/2023 16:49:07 PAGE 2   

END OF MODULE INFORMATION.


C51 COMPILATION COMPLETE.  0 WARNING(S),  0 ERROR(S)
