C51 COMPILER V9.60.0.0   XS16TK06X_LVDT                                                    05/09/2023 16:49:05 PAGE 1   


C51 COMPILER V9.60.0.0, COMPILATION OF MODULE XS16TK06X_LVDT
OBJECT MODULE PLACED IN .\Output\XS16TK06X_LVDT.obj
COMPILER INVOKED BY: D:\Program_Files\KEIL5_521A\C51\BIN\C51.EXE Source\XS16TK06X_LVDT.c OMF2 OPTIMIZE(8,SPEED) BROWSE I
                    -NCDIR(.\Inc;.\User;.\Application_Library;.\Project) DEBUG PRINT(.\List\XS16TK06X_LVDT.lst) OBJECT(.\Output\XS16TK06X_LVD
                    -T.obj)

line level    source

   1          #include "Config.h"
   2          
   3                  
   4          #if     VolDet_EN
   5          bit Low_Volotage_Flag = 0;
   6          bit low_power = 0;
   7          bit Low_Volotage_Flag_Confirm = 0;
   8          bit Low_Volotage_Flag_First = 0;
   9          uint xdata Low_Volotage_Flag_Count = 0;
  10          uint xdata Low_Volotage_Flag_Confirm_count;
  11          #endif
  12          
  13          #if ((VolDet_EN == 1))
  14          
  15          //-----------------------------------------------------------------//
  16          //函数名称： void LVDT_Init(void)
  17          //函数功能： 降压升压检测初始化
  18          //输入参数： 无
  19          //输出参数： 无
  20          //返 回 值： 无
  21          //-----------------------------------------------------------------//
  22          #if ((VolDet_EN == 1))
  23          void LVDT_Init(void)
  24          {
  25   1              EA = 0;//关总中断；
  26   1              LVDT_IP_SET;//设置降压升压检中断优级为高，根据实际应运设置优先级
  27   1              LVDT_INT_FLAG_CLR;//清除低电压检测中断标志位
  28   1              LVDT_INT_DOWN_FLAG_CLR;//清除电压下降中断标志位 
  29   1              LVDT_INT_UP_FLAG_CLR;//清除电压上升中断标志位
  30   1              
  31   1              LVDT_ON;//开启降压升压检测模块
  32   1              V_LVDT_SET(c_volDet_powerDown_vol);//设置低电压升检测点:(0-保留)-(1-2.7V)-(2-3.0V)-(3-3.3V)-(4-3.6V)-(5-3
             -.9V)-(6/7-4.2V)
  33   1              
  34   1              LVDT_IE_SET;//使能降压升压检中断
  35   1              EA = 1;//开总中断          
  36   1      }
  37          #endif
  38          //-----------------------------------------------------------------//
  39          //函数名称： void LVDT_ISR() interrupt 15
  40          //函数功能： 降压升压检测中断
  41          //输入参数： 无
  42          //输出参数： 无
  43          //返 回 值： 无
  44          //-----------------------------------------------------------------//   
  45          void LVDT_ISR() interrupt 15
  46          {       
  47   1              LVDT_INT_FLAG_CLR;//清除降压升压中断标志位
  48   1              if(INT_POBO_STAT&0x01)
  49   1              {
  50   2                      Low_Volotage_Flag = 1;
  51   2                      low_power = 1;
  52   2                      LVDT_INT_DOWN_FLAG_CLR;//清除电压下降中断标志位 
C51 COMPILER V9.60.0.0   XS16TK06X_LVDT                                                    05/09/2023 16:49:05 PAGE 2   

  53   2                      #if     (EEPROM_EN&&EEPROM_LVD_WORK)
                                      gf_ea_close=1;          //写记忆整个过程不开中断
                                      eeprom_write_deal();    //掉电写
                                      b_eeprom_waitTime=0;
                                      gf_eeprom_powerStatus=0;
                                      gf_ea_close=0;
                                      EA=1;   //恢复中断
                              #endif          
  61   2              }
  62   1              if(INT_POBO_STAT&0x02)
  63   1              {
  64   2                      LVDT_INT_UP_FLAG_CLR;//清除电压上升中断标志位   
  65   2                      Low_Volotage_Flag = 0;
  66   2                      low_power = 0; 
  67   2                      Low_Volotage_Flag_Confirm = 0;
  68   2                      Low_Volotage_Flag_Count = 0;
  69   2                      #if     (EEPROM_EN&&EEPROM_LVD_WORK)
                                      gf_eeprom_powerStatus=1;
                              #endif  
  72   2                      
  73   2              }
  74   1                      
  75   1      }
  76                   
  77          #endif


MODULE INFORMATION:   STATIC OVERLAYABLE
   CODE SIZE        =     81    ----
   CONSTANT SIZE    =   ----    ----
   XDATA SIZE       =      4    ----
   PDATA SIZE       =   ----    ----
   DATA SIZE        =   ----    ----
   IDATA SIZE       =   ----    ----
   BIT SIZE         =      4    ----
   EDATA SIZE       =   ----    ----
   HDATA SIZE       =   ----    ----
   XDATA CONST SIZE =   ----    ----
   FAR CONST SIZE   =   ----    ----
END OF MODULE INFORMATION.


C51 COMPILATION COMPLETE.  0 WARNING(S),  0 ERROR(S)
